<html>
<body>
<pre>
<h1>µVision Build Log</h1>
<h2>Tool Versions:</h2>
IDE-Version: £gVision V5.15
Copyright (C) 2015 ARM Ltd and ARM Germany GmbH. All rights reserved.
License Information: xxxxxx xxxxxx, xxxxxx, LIC=GMZ45-GPH3T-7R9X3-A6CA9-XNR04-BKASN
 
Tool Versions:
Toolchain:       MDK-ARM Standard  Version: 5.15.0
Toolchain Path:  C:\Keil_v5\ARM\ARMCC\Bin
C Compiler:      Armcc.exe V5.05 update 2 (build 169)
Assembler:       Armasm.exe V5.05 update 2 (build 169)
Linker/Locator:  ArmLink.exe V5.05 update 2 (build 169)
Library Manager: ArmAr.exe V5.05 update 2 (build 169)
Hex Converter:   FromElf.exe V5.05 update 2 (build 169)
CPU DLL:         SARMCM3.DLL V5.15.0
Dialog DLL:      DCM.DLL V1.13.2.0
Target DLL:      CMSIS_AGDI.dll V1.21.12.0
Dialog DLL:      TCM.DLL V1.14.5.0
 
<h2>Project:</h2>
D:\PRG\arterychip\AT32F403\AT32F403_Firmware_Library_V2.0.7\project\at_start_f403\examples\usart\printf\mdk_v5\printf.uvprojx
Project File Date:  12/08/2023

<h2>Output:</h2>
*** Using Compiler 'V5.05 update 2 (build 169)', folder: 'C:\Keil_v5\ARM\ARMCC\Bin'
Rebuild target 'printf'
compiling at32f403_clock.c...
compiling at32f403_int.c...
compiling main.c...
compiling at32f403_board.c...
compiling at32f403_gpio.c...
compiling at32f403_crm.c...
compiling at32f403_usart.c...
compiling at32f403_misc.c...
compiling system_at32f403.c...
assembling startup_at32f403.s...
linking...
Program Size: Code=3258 RO-data=502 RW-data=56 ZI-data=1632  
FromELF: creating hex file...
".\objects\printf.axf" - 0 Error(s), 0 Warning(s).

<h2>Collection of Component include folders:</h2>
  D:\PRG\arterychip\AT32F403\AT32F403_Firmware_Library_V2.0.7\project\at_start_f403\examples\usart\printf\mdk_v5\RTE
  C:\Keil_v5\ARM\PACK\ArteryTek\AT32F403_DFP\2.0.8\Device\Include

<h2>Collection of Component Files used:</h2>
</pre>
</body>
</html>
