Component: ARM Compiler 5.05 update 2 (build 169) Tool: armlink [4d0f33]

==============================================================================

Section Cross References

    at32f403_clock.o(i.system_clock_config) refers to at32f403_crm.o(i.crm_reset) for crm_reset
    at32f403_clock.o(i.system_clock_config) refers to at32f403_crm.o(i.crm_clock_source_enable) for crm_clock_source_enable
    at32f403_clock.o(i.system_clock_config) refers to at32f403_clock.o(i.wait_stbl) for wait_stbl
    at32f403_clock.o(i.system_clock_config) refers to at32f403_crm.o(i.crm_hext_stable_wait) for crm_hext_stable_wait
    at32f403_clock.o(i.system_clock_config) refers to at32f403_crm.o(i.crm_pll_config) for crm_pll_config
    at32f403_clock.o(i.system_clock_config) refers to at32f403_crm.o(i.crm_flag_get) for crm_flag_get
    at32f403_clock.o(i.system_clock_config) refers to at32f403_crm.o(i.crm_apb2_div_set) for crm_apb2_div_set
    at32f403_clock.o(i.system_clock_config) refers to at32f403_crm.o(i.crm_apb1_div_set) for crm_apb1_div_set
    at32f403_clock.o(i.system_clock_config) refers to at32f403_crm.o(i.crm_ahb_div_set) for crm_ahb_div_set
    at32f403_clock.o(i.system_clock_config) refers to at32f403_crm.o(i.crm_sysclk_switch) for crm_sysclk_switch
    at32f403_clock.o(i.system_clock_config) refers to at32f403_crm.o(i.crm_sysclk_switch_status_get) for crm_sysclk_switch_status_get
    at32f403_clock.o(i.system_clock_config) refers to system_at32f403.o(i.system_core_clock_update) for system_core_clock_update
    main.o(i.main) refers to at32f403_clock.o(i.system_clock_config) for system_clock_config
    main.o(i.main) refers to at32f403_board.o(i.at32_board_init) for at32_board_init
    main.o(i.main) refers to main.o(i.usart_configuration) for usart_configuration
    main.o(i.main) refers to at32f403_board.o(i.at32_led_toggle) for at32_led_toggle
    main.o(i.main) refers to at32f403_usart.o(i.usart_flag_get) for usart_flag_get
    main.o(i.main) refers to at32f403_usart.o(i.usart_data_transmit) for usart_data_transmit
    main.o(i.main) refers to at32f403_usart.o(i.usart_data_receive) for usart_data_receive
    main.o(i.main) refers to main.o(i.buffer_compare) for buffer_compare
    main.o(i.main) refers to at32f403_board.o(i.delay_sec) for delay_sec
    main.o(i.main) refers to main.o(.data) for usart2_tx_counter
    main.o(i.main) refers to main.o(.bss) for usart3_rx_buffer
    main.o(i.usart_configuration) refers to at32f403_crm.o(i.crm_periph_clock_enable) for crm_periph_clock_enable
    main.o(i.usart_configuration) refers to at32f403_gpio.o(i.gpio_default_para_init) for gpio_default_para_init
    main.o(i.usart_configuration) refers to at32f403_gpio.o(i.gpio_init) for gpio_init
    main.o(i.usart_configuration) refers to at32f403_usart.o(i.usart_init) for usart_init
    main.o(i.usart_configuration) refers to at32f403_usart.o(i.usart_parity_selection_config) for usart_parity_selection_config
    main.o(i.usart_configuration) refers to at32f403_usart.o(i.usart_transmitter_enable) for usart_transmitter_enable
    main.o(i.usart_configuration) refers to at32f403_usart.o(i.usart_receiver_enable) for usart_receiver_enable
    main.o(i.usart_configuration) refers to at32f403_usart.o(i.usart_enable) for usart_enable
    at32f403_board.o(.rev16_text) refers (Special) to use_no_semi_2.o(.text) for __use_no_semihosting
    at32f403_board.o(.revsh_text) refers (Special) to use_no_semi_2.o(.text) for __use_no_semihosting
    at32f403_board.o(.rrx_text) refers (Special) to use_no_semi_2.o(.text) for __use_no_semihosting
    at32f403_board.o(i._sys_exit) refers (Special) to use_no_semi_2.o(.text) for __use_no_semihosting
    at32f403_board.o(i._ttywrch) refers (Special) to use_no_semi_2.o(.text) for __use_no_semihosting
    at32f403_board.o(i.at32_board_init) refers (Special) to use_no_semi_2.o(.text) for __use_no_semihosting
    at32f403_board.o(i.at32_board_init) refers to at32f403_board.o(i.delay_init) for delay_init
    at32f403_board.o(i.at32_board_init) refers to at32f403_board.o(i.at32_led_init) for at32_led_init
    at32f403_board.o(i.at32_board_init) refers to at32f403_board.o(i.at32_led_off) for at32_led_off
    at32f403_board.o(i.at32_board_init) refers to at32f403_board.o(i.at32_button_init) for at32_button_init
    at32f403_board.o(i.at32_button_init) refers (Special) to use_no_semi_2.o(.text) for __use_no_semihosting
    at32f403_board.o(i.at32_button_init) refers to at32f403_crm.o(i.crm_periph_clock_enable) for crm_periph_clock_enable
    at32f403_board.o(i.at32_button_init) refers to at32f403_gpio.o(i.gpio_default_para_init) for gpio_default_para_init
    at32f403_board.o(i.at32_button_init) refers to at32f403_gpio.o(i.gpio_init) for gpio_init
    at32f403_board.o(i.at32_button_press) refers (Special) to use_no_semi_2.o(.text) for __use_no_semihosting
    at32f403_board.o(i.at32_button_press) refers to at32f403_board.o(i.at32_button_state) for at32_button_state
    at32f403_board.o(i.at32_button_press) refers to at32f403_board.o(i.delay_ms) for delay_ms
    at32f403_board.o(i.at32_button_press) refers to at32f403_board.o(.data) for pressed
    at32f403_board.o(i.at32_button_state) refers (Special) to use_no_semi_2.o(.text) for __use_no_semihosting
    at32f403_board.o(i.at32_button_state) refers to at32f403_gpio.o(i.gpio_input_data_bit_read) for gpio_input_data_bit_read
    at32f403_board.o(i.at32_led_init) refers (Special) to use_no_semi_2.o(.text) for __use_no_semihosting
    at32f403_board.o(i.at32_led_init) refers to at32f403_crm.o(i.crm_periph_clock_enable) for crm_periph_clock_enable
    at32f403_board.o(i.at32_led_init) refers to at32f403_gpio.o(i.gpio_default_para_init) for gpio_default_para_init
    at32f403_board.o(i.at32_led_init) refers to at32f403_gpio.o(i.gpio_init) for gpio_init
    at32f403_board.o(i.at32_led_init) refers to at32f403_board.o(.data) for led_gpio_crm_clk
    at32f403_board.o(i.at32_led_off) refers (Special) to use_no_semi_2.o(.text) for __use_no_semihosting
    at32f403_board.o(i.at32_led_off) refers to at32f403_board.o(.data) for led_gpio_pin
    at32f403_board.o(i.at32_led_on) refers (Special) to use_no_semi_2.o(.text) for __use_no_semihosting
    at32f403_board.o(i.at32_led_on) refers to at32f403_board.o(.data) for led_gpio_pin
    at32f403_board.o(i.at32_led_toggle) refers (Special) to use_no_semi_2.o(.text) for __use_no_semihosting
    at32f403_board.o(i.at32_led_toggle) refers to at32f403_board.o(.data) for led_gpio_pin
    at32f403_board.o(i.delay_init) refers (Special) to use_no_semi_2.o(.text) for __use_no_semihosting
    at32f403_board.o(i.delay_init) refers to at32f403_misc.o(i.systick_clock_source_config) for systick_clock_source_config
    at32f403_board.o(i.delay_init) refers to system_at32f403.o(.data) for system_core_clock
    at32f403_board.o(i.delay_init) refers to at32f403_board.o(.data) for fac_us
    at32f403_board.o(i.delay_ms) refers (Special) to use_no_semi_2.o(.text) for __use_no_semihosting
    at32f403_board.o(i.delay_ms) refers to at32f403_board.o(.data) for fac_ms
    at32f403_board.o(i.delay_sec) refers (Special) to use_no_semi_2.o(.text) for __use_no_semihosting
    at32f403_board.o(i.delay_sec) refers to at32f403_board.o(i.delay_ms) for delay_ms
    at32f403_board.o(i.delay_us) refers (Special) to use_no_semi_2.o(.text) for __use_no_semihosting
    at32f403_board.o(i.delay_us) refers to at32f403_board.o(.data) for fac_us
    at32f403_board.o(i.fputc) refers (Special) to use_no_semi_2.o(.text) for __use_no_semihosting
    at32f403_board.o(i.fputc) refers to at32f403_usart.o(i.usart_flag_get) for usart_flag_get
    at32f403_board.o(i.fputc) refers to at32f403_usart.o(i.usart_data_transmit) for usart_data_transmit
    at32f403_board.o(i.uart_print_init) refers (Special) to use_no_semi_2.o(.text) for __use_no_semihosting
    at32f403_board.o(i.uart_print_init) refers to at32f403_crm.o(i.crm_periph_clock_enable) for crm_periph_clock_enable
    at32f403_board.o(i.uart_print_init) refers to at32f403_gpio.o(i.gpio_default_para_init) for gpio_default_para_init
    at32f403_board.o(i.uart_print_init) refers to at32f403_gpio.o(i.gpio_init) for gpio_init
    at32f403_board.o(i.uart_print_init) refers to at32f403_usart.o(i.usart_init) for usart_init
    at32f403_board.o(i.uart_print_init) refers to at32f403_usart.o(i.usart_transmitter_enable) for usart_transmitter_enable
    at32f403_board.o(i.uart_print_init) refers to at32f403_usart.o(i.usart_enable) for usart_enable
    at32f403_board.o(.data) refers (Special) to use_no_semi_2.o(.text) for __use_no_semihosting
    at32f403_gpio.o(i.gpio_iomux_reset) refers to at32f403_crm.o(i.crm_periph_reset) for crm_periph_reset
    at32f403_gpio.o(i.gpio_reset) refers to at32f403_crm.o(i.crm_periph_reset) for crm_periph_reset
    at32f403_crm.o(i.crm_clocks_freq_get) refers to at32f403_crm.o(i.crm_sysclk_switch_status_get) for crm_sysclk_switch_status_get
    at32f403_crm.o(i.crm_clocks_freq_get) refers to at32f403_crm.o(.constdata) for sclk_ahb_div_table
    at32f403_crm.o(i.crm_hext_stable_wait) refers to at32f403_crm.o(i.crm_flag_get) for crm_flag_get
    at32f403_usart.o(i.usart_init) refers to at32f403_crm.o(i.crm_clocks_freq_get) for crm_clocks_freq_get
    at32f403_usart.o(i.usart_reset) refers to at32f403_crm.o(i.crm_periph_reset) for crm_periph_reset
    system_at32f403.o(i.system_core_clock_update) refers to at32f403_crm.o(i.crm_sysclk_switch_status_get) for crm_sysclk_switch_status_get
    system_at32f403.o(i.system_core_clock_update) refers to system_at32f403.o(.data) for system_core_clock
    system_at32f403.o(i.system_core_clock_update) refers to system_at32f403.o(.constdata) for sys_ahb_div_table
    startup_at32f403.o(STACK) refers (Special) to heapauxi.o(.text) for __use_two_region_memory
    startup_at32f403.o(HEAP) refers (Special) to heapauxi.o(.text) for __use_two_region_memory
    startup_at32f403.o(RESET) refers (Special) to heapauxi.o(.text) for __use_two_region_memory
    startup_at32f403.o(RESET) refers to startup_at32f403.o(STACK) for __initial_sp
    startup_at32f403.o(RESET) refers to startup_at32f403.o(.text) for Reset_Handler
    startup_at32f403.o(RESET) refers to at32f403_int.o(i.NMI_Handler) for NMI_Handler
    startup_at32f403.o(RESET) refers to at32f403_int.o(i.HardFault_Handler) for HardFault_Handler
    startup_at32f403.o(RESET) refers to at32f403_int.o(i.MemManage_Handler) for MemManage_Handler
    startup_at32f403.o(RESET) refers to at32f403_int.o(i.BusFault_Handler) for BusFault_Handler
    startup_at32f403.o(RESET) refers to at32f403_int.o(i.UsageFault_Handler) for UsageFault_Handler
    startup_at32f403.o(RESET) refers to at32f403_int.o(i.SVC_Handler) for SVC_Handler
    startup_at32f403.o(RESET) refers to at32f403_int.o(i.DebugMon_Handler) for DebugMon_Handler
    startup_at32f403.o(RESET) refers to at32f403_int.o(i.PendSV_Handler) for PendSV_Handler
    startup_at32f403.o(RESET) refers to at32f403_int.o(i.SysTick_Handler) for SysTick_Handler
    startup_at32f403.o(.text) refers (Special) to heapauxi.o(.text) for __use_two_region_memory
    startup_at32f403.o(.text) refers to system_at32f403.o(i.SystemInit) for SystemInit
    startup_at32f403.o(.text) refers to __main.o(!!!main) for __main
    startup_at32f403.o(.text) refers to startup_at32f403.o(HEAP) for Heap_Mem
    startup_at32f403.o(.text) refers to startup_at32f403.o(STACK) for Stack_Mem
    use_no_semi_2.o(.text) refers (Special) to use_no_semi.o(.text) for __use_no_semihosting_swi
    __main.o(!!!main) refers to __rtentry.o(.ARM.Collect$$rtentry$$00000000) for __rt_entry
    __rtentry.o(.ARM.Collect$$rtentry$$00000000) refers (Special) to __rtentry2.o(.ARM.Collect$$rtentry$$0000000A) for __rt_entry_li
    __rtentry.o(.ARM.Collect$$rtentry$$00000000) refers (Special) to __rtentry2.o(.ARM.Collect$$rtentry$$0000000D) for __rt_entry_main
    __rtentry.o(.ARM.Collect$$rtentry$$00000000) refers (Special) to __rtentry2.o(.ARM.Collect$$rtentry$$0000000C) for __rt_entry_postli_1
    __rtentry.o(.ARM.Collect$$rtentry$$00000000) refers (Special) to __rtentry2.o(.ARM.Collect$$rtentry$$00000009) for __rt_entry_postsh_1
    __rtentry.o(.ARM.Collect$$rtentry$$00000000) refers (Special) to __rtentry2.o(.ARM.Collect$$rtentry$$00000002) for __rt_entry_presh_1
    __rtentry.o(.ARM.Collect$$rtentry$$00000000) refers (Special) to __rtentry4.o(.ARM.Collect$$rtentry$$00000004) for __rt_entry_sh
    __rtentry2.o(.ARM.Collect$$rtentry$$00000008) refers to boardinit2.o(.text) for _platform_post_stackheap_init
    __rtentry2.o(.ARM.Collect$$rtentry$$0000000A) refers to libinit.o(.ARM.Collect$$libinit$$00000000) for __rt_lib_init
    __rtentry2.o(.ARM.Collect$$rtentry$$0000000B) refers to boardinit3.o(.text) for _platform_post_lib_init
    __rtentry2.o(.ARM.Collect$$rtentry$$0000000D) refers to main.o(i.main) for main
    __rtentry2.o(.ARM.Collect$$rtentry$$0000000D) refers to exit.o(.text) for exit
    __rtentry2.o(.ARM.exidx) refers to __rtentry2.o(.ARM.Collect$$rtentry$$00000001) for .ARM.Collect$$rtentry$$00000001
    __rtentry2.o(.ARM.exidx) refers to __rtentry2.o(.ARM.Collect$$rtentry$$00000008) for .ARM.Collect$$rtentry$$00000008
    __rtentry2.o(.ARM.exidx) refers to __rtentry2.o(.ARM.Collect$$rtentry$$0000000A) for .ARM.Collect$$rtentry$$0000000A
    __rtentry2.o(.ARM.exidx) refers to __rtentry2.o(.ARM.Collect$$rtentry$$0000000B) for .ARM.Collect$$rtentry$$0000000B
    __rtentry2.o(.ARM.exidx) refers to __rtentry2.o(.ARM.Collect$$rtentry$$0000000D) for .ARM.Collect$$rtentry$$0000000D
    __rtentry4.o(.ARM.Collect$$rtentry$$00000004) refers to sys_stackheap_outer.o(.text) for __user_setup_stackheap
    __rtentry4.o(.ARM.exidx) refers to __rtentry4.o(.ARM.Collect$$rtentry$$00000004) for .ARM.Collect$$rtentry$$00000004
    sys_stackheap_outer.o(.text) refers to libspace.o(.text) for __user_perproc_libspace
    sys_stackheap_outer.o(.text) refers to startup_at32f403.o(.text) for __user_initial_stackheap
    exit.o(.text) refers to rtexit.o(.ARM.Collect$$rtexit$$00000000) for __rt_exit
    libinit.o(.ARM.Collect$$libinit$$00000000) refers (Special) to libinit2.o(.ARM.Collect$$libinit$$0000002E) for __rt_lib_init_alloca_1
    libinit.o(.ARM.Collect$$libinit$$00000000) refers (Special) to libinit2.o(.ARM.Collect$$libinit$$0000002C) for __rt_lib_init_argv_1
    libinit.o(.ARM.Collect$$libinit$$00000000) refers (Special) to libinit2.o(.ARM.Collect$$libinit$$0000001B) for __rt_lib_init_atexit_1
    libinit.o(.ARM.Collect$$libinit$$00000000) refers (Special) to libinit2.o(.ARM.Collect$$libinit$$00000021) for __rt_lib_init_clock_1
    libinit.o(.ARM.Collect$$libinit$$00000000) refers (Special) to libinit2.o(.ARM.Collect$$libinit$$00000032) for __rt_lib_init_cpp_1
    libinit.o(.ARM.Collect$$libinit$$00000000) refers (Special) to libinit2.o(.ARM.Collect$$libinit$$00000030) for __rt_lib_init_exceptions_1
    libinit.o(.ARM.Collect$$libinit$$00000000) refers (Special) to libinit2.o(.ARM.Collect$$libinit$$00000001) for __rt_lib_init_fp_1
    libinit.o(.ARM.Collect$$libinit$$00000000) refers (Special) to libinit2.o(.ARM.Collect$$libinit$$0000001F) for __rt_lib_init_fp_trap_1
    libinit.o(.ARM.Collect$$libinit$$00000000) refers (Special) to libinit2.o(.ARM.Collect$$libinit$$00000023) for __rt_lib_init_getenv_1
    libinit.o(.ARM.Collect$$libinit$$00000000) refers (Special) to libinit2.o(.ARM.Collect$$libinit$$0000000A) for __rt_lib_init_heap_1
    libinit.o(.ARM.Collect$$libinit$$00000000) refers (Special) to libinit2.o(.ARM.Collect$$libinit$$00000011) for __rt_lib_init_lc_collate_1
    libinit.o(.ARM.Collect$$libinit$$00000000) refers (Special) to libinit2.o(.ARM.Collect$$libinit$$00000013) for __rt_lib_init_lc_ctype_1
    libinit.o(.ARM.Collect$$libinit$$00000000) refers (Special) to libinit2.o(.ARM.Collect$$libinit$$00000015) for __rt_lib_init_lc_monetary_1
    libinit.o(.ARM.Collect$$libinit$$00000000) refers (Special) to libinit2.o(.ARM.Collect$$libinit$$00000017) for __rt_lib_init_lc_numeric_1
    libinit.o(.ARM.Collect$$libinit$$00000000) refers (Special) to libinit2.o(.ARM.Collect$$libinit$$00000019) for __rt_lib_init_lc_time_1
    libinit.o(.ARM.Collect$$libinit$$00000000) refers (Special) to libinit2.o(.ARM.Collect$$libinit$$00000004) for __rt_lib_init_preinit_1
    libinit.o(.ARM.Collect$$libinit$$00000000) refers (Special) to libinit2.o(.ARM.Collect$$libinit$$0000000E) for __rt_lib_init_rand_1
    libinit.o(.ARM.Collect$$libinit$$00000000) refers (Special) to libinit2.o(.ARM.Collect$$libinit$$00000033) for __rt_lib_init_return
    libinit.o(.ARM.Collect$$libinit$$00000000) refers (Special) to libinit2.o(.ARM.Collect$$libinit$$0000001D) for __rt_lib_init_signal_1
    libinit.o(.ARM.Collect$$libinit$$00000000) refers (Special) to libinit2.o(.ARM.Collect$$libinit$$00000025) for __rt_lib_init_stdio_1
    libinit.o(.ARM.Collect$$libinit$$00000000) refers (Special) to libinit2.o(.ARM.Collect$$libinit$$0000000C) for __rt_lib_init_user_alloc_1
    libspace.o(.text) refers to libspace.o(.bss) for __libspace_start
    rtexit.o(.ARM.Collect$$rtexit$$00000000) refers (Special) to rtexit2.o(.ARM.Collect$$rtexit$$00000004) for __rt_exit_exit
    rtexit.o(.ARM.Collect$$rtexit$$00000000) refers (Special) to rtexit2.o(.ARM.Collect$$rtexit$$00000003) for __rt_exit_ls
    rtexit.o(.ARM.Collect$$rtexit$$00000000) refers (Special) to rtexit2.o(.ARM.Collect$$rtexit$$00000002) for __rt_exit_prels_1
    rtexit.o(.ARM.exidx) refers (Special) to rtexit2.o(.ARM.Collect$$rtexit$$00000004) for __rt_exit_exit
    rtexit.o(.ARM.exidx) refers (Special) to rtexit2.o(.ARM.Collect$$rtexit$$00000003) for __rt_exit_ls
    rtexit.o(.ARM.exidx) refers (Special) to rtexit2.o(.ARM.Collect$$rtexit$$00000002) for __rt_exit_prels_1
    rtexit.o(.ARM.exidx) refers to rtexit.o(.ARM.Collect$$rtexit$$00000000) for .ARM.Collect$$rtexit$$00000000
    libinit2.o(.ARM.Collect$$libinit$$00000001) refers to fpinit.o(x$fpl$fpinit) for _fp_init
    libinit2.o(.ARM.Collect$$libinit$$00000010) refers to libinit2.o(.ARM.Collect$$libinit$$0000000F) for .ARM.Collect$$libinit$$0000000F
    libinit2.o(.ARM.Collect$$libinit$$00000012) refers to libinit2.o(.ARM.Collect$$libinit$$0000000F) for .ARM.Collect$$libinit$$0000000F
    libinit2.o(.ARM.Collect$$libinit$$00000014) refers to libinit2.o(.ARM.Collect$$libinit$$0000000F) for .ARM.Collect$$libinit$$0000000F
    libinit2.o(.ARM.Collect$$libinit$$00000016) refers to libinit2.o(.ARM.Collect$$libinit$$0000000F) for .ARM.Collect$$libinit$$0000000F
    libinit2.o(.ARM.Collect$$libinit$$00000018) refers to libinit2.o(.ARM.Collect$$libinit$$0000000F) for .ARM.Collect$$libinit$$0000000F
    libinit2.o(.ARM.Collect$$libinit$$00000026) refers to argv_veneer.o(.emb_text) for __ARM_argv_veneer
    libinit2.o(.ARM.Collect$$libinit$$00000027) refers to argv_veneer.o(.emb_text) for __ARM_argv_veneer
    rtexit2.o(.ARM.Collect$$rtexit$$00000003) refers to libshutdown.o(.ARM.Collect$$libshutdown$$00000000) for __rt_lib_shutdown
    rtexit2.o(.ARM.Collect$$rtexit$$00000004) refers to at32f403_board.o(i._sys_exit) for _sys_exit
    rtexit2.o(.ARM.exidx) refers to rtexit2.o(.ARM.Collect$$rtexit$$00000001) for .ARM.Collect$$rtexit$$00000001
    rtexit2.o(.ARM.exidx) refers to rtexit2.o(.ARM.Collect$$rtexit$$00000003) for .ARM.Collect$$rtexit$$00000003
    rtexit2.o(.ARM.exidx) refers to rtexit2.o(.ARM.Collect$$rtexit$$00000004) for .ARM.Collect$$rtexit$$00000004
    argv_veneer.o(.emb_text) refers to no_argv.o(.text) for __ARM_get_argv
    _get_argv_nomalloc.o(.text) refers (Special) to hrguard.o(.text) for __heap_region$guard
    _get_argv_nomalloc.o(.text) refers to defsig_rtmem_outer.o(.text) for __rt_SIGRTMEM
    _get_argv_nomalloc.o(.text) refers to sys_command.o(.text) for _sys_command_string
    libshutdown.o(.ARM.Collect$$libshutdown$$00000000) refers (Special) to libshutdown2.o(.ARM.Collect$$libshutdown$$00000006) for __rt_lib_shutdown_fp_trap_1
    libshutdown.o(.ARM.Collect$$libshutdown$$00000000) refers (Special) to libshutdown2.o(.ARM.Collect$$libshutdown$$0000000E) for __rt_lib_shutdown_heap_1
    libshutdown.o(.ARM.Collect$$libshutdown$$00000000) refers (Special) to libshutdown2.o(.ARM.Collect$$libshutdown$$0000000F) for __rt_lib_shutdown_return
    libshutdown.o(.ARM.Collect$$libshutdown$$00000000) refers (Special) to libshutdown2.o(.ARM.Collect$$libshutdown$$00000009) for __rt_lib_shutdown_signal_1
    libshutdown.o(.ARM.Collect$$libshutdown$$00000000) refers (Special) to libshutdown2.o(.ARM.Collect$$libshutdown$$00000003) for __rt_lib_shutdown_stdio_1
    libshutdown.o(.ARM.Collect$$libshutdown$$00000000) refers (Special) to libshutdown2.o(.ARM.Collect$$libshutdown$$0000000B) for __rt_lib_shutdown_user_alloc_1
    sys_command.o(.text) refers (Special) to use_no_semi.o(.text) for __I$use$semihosting
    sys_command.o(.text) refers (Special) to indicate_semi.o(.text) for __semihosting_library_function
    defsig_rtmem_outer.o(.text) refers to defsig_rtmem_inner.o(.text) for __rt_SIGRTMEM_inner
    defsig_rtmem_outer.o(.text) refers to defsig_exit.o(.text) for __sig_exit
    defsig_rtmem_formal.o(.text) refers to rt_raise.o(.text) for __rt_raise
    rt_raise.o(.text) refers to __raise.o(.text) for __raise
    rt_raise.o(.text) refers to at32f403_board.o(i._sys_exit) for _sys_exit
    defsig_exit.o(.text) refers to at32f403_board.o(i._sys_exit) for _sys_exit
    defsig_rtmem_inner.o(.text) refers to defsig_general.o(.text) for __default_signal_display
    __raise.o(.text) refers to defsig.o(CL$$defsig) for __default_signal_handler
    defsig_general.o(.text) refers to at32f403_board.o(i._ttywrch) for _ttywrch
    defsig.o(CL$$defsig) refers to defsig_rtmem_inner.o(.text) for __rt_SIGRTMEM_inner
    defsig_abrt_inner.o(.text) refers to defsig_general.o(.text) for __default_signal_display
    defsig_fpe_inner.o(.text) refers to defsig_general.o(.text) for __default_signal_display
    defsig_rtred_inner.o(.text) refers to defsig_general.o(.text) for __default_signal_display
    defsig_stak_inner.o(.text) refers to defsig_general.o(.text) for __default_signal_display
    defsig_pvfn_inner.o(.text) refers to defsig_general.o(.text) for __default_signal_display
    defsig_cppl_inner.o(.text) refers to defsig_general.o(.text) for __default_signal_display
    defsig_segv_inner.o(.text) refers to defsig_general.o(.text) for __default_signal_display
    defsig_other.o(.text) refers to defsig_general.o(.text) for __default_signal_display


==============================================================================

Removing Unused input sections from the image.

    Removing at32f403_clock.o(.rev16_text), (4 bytes).
    Removing at32f403_clock.o(.revsh_text), (4 bytes).
    Removing at32f403_clock.o(.rrx_text), (6 bytes).
    Removing at32f403_int.o(.rev16_text), (4 bytes).
    Removing at32f403_int.o(.revsh_text), (4 bytes).
    Removing at32f403_int.o(.rrx_text), (6 bytes).
    Removing main.o(.rev16_text), (4 bytes).
    Removing main.o(.revsh_text), (4 bytes).
    Removing main.o(.rrx_text), (6 bytes).
    Removing at32f403_board.o(.rev16_text), (4 bytes).
    Removing at32f403_board.o(.revsh_text), (4 bytes).
    Removing at32f403_board.o(.rrx_text), (6 bytes).
    Removing at32f403_board.o(i._ttywrch), (4 bytes).
    Removing at32f403_board.o(i.at32_button_press), (60 bytes).
    Removing at32f403_board.o(i.at32_button_state), (16 bytes).
    Removing at32f403_board.o(i.at32_led_on), (40 bytes).
    Removing at32f403_board.o(i.delay_us), (80 bytes).
    Removing at32f403_board.o(i.fputc), (52 bytes).
    Removing at32f403_board.o(i.uart_print_init), (108 bytes).
    Removing at32f403_gpio.o(.rev16_text), (4 bytes).
    Removing at32f403_gpio.o(.revsh_text), (4 bytes).
    Removing at32f403_gpio.o(.rrx_text), (6 bytes).
    Removing at32f403_gpio.o(i.gpio_bits_reset), (4 bytes).
    Removing at32f403_gpio.o(i.gpio_bits_set), (4 bytes).
    Removing at32f403_gpio.o(i.gpio_bits_write), (10 bytes).
    Removing at32f403_gpio.o(i.gpio_event_output_config), (28 bytes).
    Removing at32f403_gpio.o(i.gpio_event_output_enable), (20 bytes).
    Removing at32f403_gpio.o(i.gpio_exint_line_config), (164 bytes).
    Removing at32f403_gpio.o(i.gpio_input_data_bit_read), (18 bytes).
    Removing at32f403_gpio.o(i.gpio_input_data_read), (8 bytes).
    Removing at32f403_gpio.o(i.gpio_iomux_reset), (24 bytes).
    Removing at32f403_gpio.o(i.gpio_output_data_bit_read), (18 bytes).
    Removing at32f403_gpio.o(i.gpio_output_data_read), (8 bytes).
    Removing at32f403_gpio.o(i.gpio_pin_remap_config), (124 bytes).
    Removing at32f403_gpio.o(i.gpio_pin_wp_config), (18 bytes).
    Removing at32f403_gpio.o(i.gpio_port_write), (4 bytes).
    Removing at32f403_gpio.o(i.gpio_reset), (228 bytes).
    Removing at32f403_crm.o(.rev16_text), (4 bytes).
    Removing at32f403_crm.o(.revsh_text), (4 bytes).
    Removing at32f403_crm.o(.rrx_text), (6 bytes).
    Removing at32f403_crm.o(i.crm_adc_clock_div_set), (32 bytes).
    Removing at32f403_crm.o(i.crm_battery_powered_domain_reset), (20 bytes).
    Removing at32f403_crm.o(i.crm_clock_failure_detection_enable), (20 bytes).
    Removing at32f403_crm.o(i.crm_clock_out_set), (32 bytes).
    Removing at32f403_crm.o(i.crm_flag_clear), (212 bytes).
    Removing at32f403_crm.o(i.crm_hext_bypass), (20 bytes).
    Removing at32f403_crm.o(i.crm_hick_clock_calibration_set), (40 bytes).
    Removing at32f403_crm.o(i.crm_hick_clock_trimming_set), (20 bytes).
    Removing at32f403_crm.o(i.crm_interrupt_enable), (32 bytes).
    Removing at32f403_crm.o(i.crm_lext_bypass), (20 bytes).
    Removing at32f403_crm.o(i.crm_periph_reset), (68 bytes).
    Removing at32f403_crm.o(i.crm_periph_sleep_mode_clock_enable), (68 bytes).
    Removing at32f403_crm.o(i.crm_rtc_clock_enable), (20 bytes).
    Removing at32f403_crm.o(i.crm_rtc_clock_select), (20 bytes).
    Removing at32f403_crm.o(i.crm_usb_clock_div_set), (32 bytes).
    Removing at32f403_usart.o(.rev16_text), (4 bytes).
    Removing at32f403_usart.o(.revsh_text), (4 bytes).
    Removing at32f403_usart.o(.rrx_text), (6 bytes).
    Removing at32f403_usart.o(i.usart_break_bit_num_set), (10 bytes).
    Removing at32f403_usart.o(i.usart_break_send), (12 bytes).
    Removing at32f403_usart.o(i.usart_clock_config), (28 bytes).
    Removing at32f403_usart.o(i.usart_clock_enable), (10 bytes).
    Removing at32f403_usart.o(i.usart_dma_receiver_enable), (10 bytes).
    Removing at32f403_usart.o(i.usart_dma_transmitter_enable), (10 bytes).
    Removing at32f403_usart.o(i.usart_flag_clear), (18 bytes).
    Removing at32f403_usart.o(i.usart_hardware_flow_control_set), (102 bytes).
    Removing at32f403_usart.o(i.usart_interrupt_enable), (54 bytes).
    Removing at32f403_usart.o(i.usart_irda_low_power_enable), (10 bytes).
    Removing at32f403_usart.o(i.usart_irda_mode_enable), (10 bytes).
    Removing at32f403_usart.o(i.usart_irda_smartcard_division_set), (10 bytes).
    Removing at32f403_usart.o(i.usart_lin_mode_enable), (10 bytes).
    Removing at32f403_usart.o(i.usart_receiver_mute_enable), (10 bytes).
    Removing at32f403_usart.o(i.usart_reset), (148 bytes).
    Removing at32f403_usart.o(i.usart_single_line_halfduplex_select), (10 bytes).
    Removing at32f403_usart.o(i.usart_smartcard_guard_time_set), (10 bytes).
    Removing at32f403_usart.o(i.usart_smartcard_mode_enable), (10 bytes).
    Removing at32f403_usart.o(i.usart_smartcard_nack_set), (10 bytes).
    Removing at32f403_usart.o(i.usart_wakeup_id_set), (10 bytes).
    Removing at32f403_usart.o(i.usart_wakeup_mode_set), (10 bytes).
    Removing at32f403_misc.o(.rev16_text), (4 bytes).
    Removing at32f403_misc.o(.revsh_text), (4 bytes).
    Removing at32f403_misc.o(.rrx_text), (6 bytes).
    Removing at32f403_misc.o(i.nvic_irq_disable), (44 bytes).
    Removing at32f403_misc.o(i.nvic_irq_enable), (200 bytes).
    Removing at32f403_misc.o(i.nvic_lowpower_mode_config), (32 bytes).
    Removing at32f403_misc.o(i.nvic_priority_group_config), (40 bytes).
    Removing at32f403_misc.o(i.nvic_system_reset), (44 bytes).
    Removing at32f403_misc.o(i.nvic_vector_table_set), (20 bytes).
    Removing system_at32f403.o(.rev16_text), (4 bytes).
    Removing system_at32f403.o(.revsh_text), (4 bytes).
    Removing system_at32f403.o(.rrx_text), (6 bytes).

91 unused section(s) (total 2714 bytes) removed from the image.

==============================================================================

Image Symbol Table

    Local Symbols

    Symbol Name                              Value     Ov Type        Size  Object(Section)

    ../clib/angel/boardlib.s                 0x00000000   Number         0  boardinit2.o ABSOLUTE
    ../clib/angel/boardlib.s                 0x00000000   Number         0  boardinit1.o ABSOLUTE
    ../clib/angel/boardlib.s                 0x00000000   Number         0  boardshut.o ABSOLUTE
    ../clib/angel/boardlib.s                 0x00000000   Number         0  boardinit3.o ABSOLUTE
    ../clib/angel/handlers.s                 0x00000000   Number         0  __scatter_copy.o ABSOLUTE
    ../clib/angel/handlers.s                 0x00000000   Number         0  __scatter_zi.o ABSOLUTE
    ../clib/angel/kernel.s                   0x00000000   Number         0  __rtentry.o ABSOLUTE
    ../clib/angel/kernel.s                   0x00000000   Number         0  rtexit2.o ABSOLUTE
    ../clib/angel/kernel.s                   0x00000000   Number         0  rtexit.o ABSOLUTE
    ../clib/angel/kernel.s                   0x00000000   Number         0  __rtentry2.o ABSOLUTE
    ../clib/angel/kernel.s                   0x00000000   Number         0  __rtentry4.o ABSOLUTE
    ../clib/angel/rt.s                       0x00000000   Number         0  rt_raise.o ABSOLUTE
    ../clib/angel/scatter.s                  0x00000000   Number         0  __scatter.o ABSOLUTE
    ../clib/angel/startup.s                  0x00000000   Number         0  __main.o ABSOLUTE
    ../clib/angel/sys.s                      0x00000000   Number         0  use_no_semi.o ABSOLUTE
    ../clib/angel/sys.s                      0x00000000   Number         0  use_no_semi_2.o ABSOLUTE
    ../clib/angel/sys.s                      0x00000000   Number         0  libspace.o ABSOLUTE
    ../clib/angel/sys.s                      0x00000000   Number         0  sys_stackheap_outer.o ABSOLUTE
    ../clib/angel/sys.s                      0x00000000   Number         0  indicate_semi.o ABSOLUTE
    ../clib/angel/sysapp.c                   0x00000000   Number         0  sys_command.o ABSOLUTE
    ../clib/armsys.c                         0x00000000   Number         0  no_argv.o ABSOLUTE
    ../clib/armsys.c                         0x00000000   Number         0  _get_argv_nomalloc.o ABSOLUTE
    ../clib/armsys.c                         0x00000000   Number         0  argv_veneer.o ABSOLUTE
    ../clib/armsys.c                         0x00000000   Number         0  argv_veneer.o ABSOLUTE
    ../clib/heapalloc.c                      0x00000000   Number         0  hrguard.o ABSOLUTE
    ../clib/heapaux.c                        0x00000000   Number         0  heapauxi.o ABSOLUTE
    ../clib/libinit.s                        0x00000000   Number         0  libshutdown2.o ABSOLUTE
    ../clib/libinit.s                        0x00000000   Number         0  libshutdown.o ABSOLUTE
    ../clib/libinit.s                        0x00000000   Number         0  libinit2.o ABSOLUTE
    ../clib/libinit.s                        0x00000000   Number         0  libinit.o ABSOLUTE
    ../clib/signal.c                         0x00000000   Number         0  defsig_other.o ABSOLUTE
    ../clib/signal.c                         0x00000000   Number         0  defsig_rtmem_formal.o ABSOLUTE
    ../clib/signal.c                         0x00000000   Number         0  defsig_segv_inner.o ABSOLUTE
    ../clib/signal.c                         0x00000000   Number         0  defsig_cppl_inner.o ABSOLUTE
    ../clib/signal.c                         0x00000000   Number         0  defsig_pvfn_inner.o ABSOLUTE
    ../clib/signal.c                         0x00000000   Number         0  defsig_stak_inner.o ABSOLUTE
    ../clib/signal.c                         0x00000000   Number         0  defsig_rtred_inner.o ABSOLUTE
    ../clib/signal.c                         0x00000000   Number         0  defsig_fpe_inner.o ABSOLUTE
    ../clib/signal.c                         0x00000000   Number         0  defsig_general.o ABSOLUTE
    ../clib/signal.c                         0x00000000   Number         0  __raise.o ABSOLUTE
    ../clib/signal.c                         0x00000000   Number         0  defsig_rtmem_inner.o ABSOLUTE
    ../clib/signal.c                         0x00000000   Number         0  defsig_exit.o ABSOLUTE
    ../clib/signal.c                         0x00000000   Number         0  defsig_rtmem_outer.o ABSOLUTE
    ../clib/signal.c                         0x00000000   Number         0  defsig_abrt_inner.o ABSOLUTE
    ../clib/signal.s                         0x00000000   Number         0  defsig.o ABSOLUTE
    ../clib/stdlib.c                         0x00000000   Number         0  exit.o ABSOLUTE
    ../fplib/fpinit.s                        0x00000000   Number         0  fpinit.o ABSOLUTE
    ..\..\..\..\..\..\libraries\cmsis\cm4\device_support\startup\mdk\startup_at32f403.s 0x00000000   Number         0  startup_at32f403.o ABSOLUTE
    ..\..\..\..\..\..\libraries\cmsis\cm4\device_support\system_at32f403.c 0x00000000   Number         0  system_at32f403.o ABSOLUTE
    ..\..\..\..\..\..\libraries\drivers\src\at32f403_crm.c 0x00000000   Number         0  at32f403_crm.o ABSOLUTE
    ..\..\..\..\..\..\libraries\drivers\src\at32f403_gpio.c 0x00000000   Number         0  at32f403_gpio.o ABSOLUTE
    ..\..\..\..\..\..\libraries\drivers\src\at32f403_misc.c 0x00000000   Number         0  at32f403_misc.o ABSOLUTE
    ..\..\..\..\..\..\libraries\drivers\src\at32f403_usart.c 0x00000000   Number         0  at32f403_usart.o ABSOLUTE
    ..\..\..\..\..\at32f403_board\at32f403_board.c 0x00000000   Number         0  at32f403_board.o ABSOLUTE
    ..\\..\\..\\..\\..\\..\\libraries\\cmsis\\cm4\\device_support\\system_at32f403.c 0x00000000   Number         0  system_at32f403.o ABSOLUTE
    ..\\..\\..\\..\\..\\..\\libraries\\drivers\\src\\at32f403_crm.c 0x00000000   Number         0  at32f403_crm.o ABSOLUTE
    ..\\..\\..\\..\\..\\..\\libraries\\drivers\\src\\at32f403_gpio.c 0x00000000   Number         0  at32f403_gpio.o ABSOLUTE
    ..\\..\\..\\..\\..\\..\\libraries\\drivers\\src\\at32f403_misc.c 0x00000000   Number         0  at32f403_misc.o ABSOLUTE
    ..\\..\\..\\..\\..\\..\\libraries\\drivers\\src\\at32f403_usart.c 0x00000000   Number         0  at32f403_usart.o ABSOLUTE
    ..\\..\\..\\..\\..\\at32f403_board\\at32f403_board.c 0x00000000   Number         0  at32f403_board.o ABSOLUTE
    ..\\src\\at32f403_clock.c                0x00000000   Number         0  at32f403_clock.o ABSOLUTE
    ..\\src\\at32f403_int.c                  0x00000000   Number         0  at32f403_int.o ABSOLUTE
    ..\\src\\main.c                          0x00000000   Number         0  main.o ABSOLUTE
    ..\src\at32f403_clock.c                  0x00000000   Number         0  at32f403_clock.o ABSOLUTE
    ..\src\at32f403_int.c                    0x00000000   Number         0  at32f403_int.o ABSOLUTE
    ..\src\main.c                            0x00000000   Number         0  main.o ABSOLUTE
    dc.s                                     0x00000000   Number         0  dc.o ABSOLUTE
    RESET                                    0x08000000   Section      336  startup_at32f403.o(RESET)
    !!!main                                  0x08000150   Section        8  __main.o(!!!main)
    !!!scatter                               0x08000158   Section       52  __scatter.o(!!!scatter)
    !!handler_copy                           0x0800018c   Section       26  __scatter_copy.o(!!handler_copy)
    !!handler_zi                             0x080001a8   Section       28  __scatter_zi.o(!!handler_zi)
    .ARM.Collect$$libinit$$00000000          0x080001c4   Section        2  libinit.o(.ARM.Collect$$libinit$$00000000)
    .ARM.Collect$$libinit$$00000001          0x080001c6   Section        4  libinit2.o(.ARM.Collect$$libinit$$00000001)
    .ARM.Collect$$libinit$$00000004          0x080001ca   Section        0  libinit2.o(.ARM.Collect$$libinit$$00000004)
    .ARM.Collect$$libinit$$0000000A          0x080001ca   Section        0  libinit2.o(.ARM.Collect$$libinit$$0000000A)
    .ARM.Collect$$libinit$$0000000C          0x080001ca   Section        0  libinit2.o(.ARM.Collect$$libinit$$0000000C)
    .ARM.Collect$$libinit$$0000000E          0x080001ca   Section        0  libinit2.o(.ARM.Collect$$libinit$$0000000E)
    .ARM.Collect$$libinit$$00000011          0x080001ca   Section        0  libinit2.o(.ARM.Collect$$libinit$$00000011)
    .ARM.Collect$$libinit$$00000013          0x080001ca   Section        0  libinit2.o(.ARM.Collect$$libinit$$00000013)
    .ARM.Collect$$libinit$$00000015          0x080001ca   Section        0  libinit2.o(.ARM.Collect$$libinit$$00000015)
    .ARM.Collect$$libinit$$00000017          0x080001ca   Section        0  libinit2.o(.ARM.Collect$$libinit$$00000017)
    .ARM.Collect$$libinit$$00000019          0x080001ca   Section        0  libinit2.o(.ARM.Collect$$libinit$$00000019)
    .ARM.Collect$$libinit$$0000001B          0x080001ca   Section        0  libinit2.o(.ARM.Collect$$libinit$$0000001B)
    .ARM.Collect$$libinit$$0000001D          0x080001ca   Section        0  libinit2.o(.ARM.Collect$$libinit$$0000001D)
    .ARM.Collect$$libinit$$0000001F          0x080001ca   Section        0  libinit2.o(.ARM.Collect$$libinit$$0000001F)
    .ARM.Collect$$libinit$$00000021          0x080001ca   Section        0  libinit2.o(.ARM.Collect$$libinit$$00000021)
    .ARM.Collect$$libinit$$00000023          0x080001ca   Section        0  libinit2.o(.ARM.Collect$$libinit$$00000023)
    .ARM.Collect$$libinit$$00000025          0x080001ca   Section        0  libinit2.o(.ARM.Collect$$libinit$$00000025)
    .ARM.Collect$$libinit$$0000002C          0x080001ca   Section        0  libinit2.o(.ARM.Collect$$libinit$$0000002C)
    .ARM.Collect$$libinit$$0000002E          0x080001ca   Section        0  libinit2.o(.ARM.Collect$$libinit$$0000002E)
    .ARM.Collect$$libinit$$00000030          0x080001ca   Section        0  libinit2.o(.ARM.Collect$$libinit$$00000030)
    .ARM.Collect$$libinit$$00000032          0x080001ca   Section        0  libinit2.o(.ARM.Collect$$libinit$$00000032)
    .ARM.Collect$$libinit$$00000033          0x080001ca   Section        2  libinit2.o(.ARM.Collect$$libinit$$00000033)
    .ARM.Collect$$libshutdown$$00000000      0x080001cc   Section        2  libshutdown.o(.ARM.Collect$$libshutdown$$00000000)
    .ARM.Collect$$libshutdown$$00000003      0x080001ce   Section        0  libshutdown2.o(.ARM.Collect$$libshutdown$$00000003)
    .ARM.Collect$$libshutdown$$00000006      0x080001ce   Section        0  libshutdown2.o(.ARM.Collect$$libshutdown$$00000006)
    .ARM.Collect$$libshutdown$$00000009      0x080001ce   Section        0  libshutdown2.o(.ARM.Collect$$libshutdown$$00000009)
    .ARM.Collect$$libshutdown$$0000000B      0x080001ce   Section        0  libshutdown2.o(.ARM.Collect$$libshutdown$$0000000B)
    .ARM.Collect$$libshutdown$$0000000E      0x080001ce   Section        0  libshutdown2.o(.ARM.Collect$$libshutdown$$0000000E)
    .ARM.Collect$$libshutdown$$0000000F      0x080001ce   Section        2  libshutdown2.o(.ARM.Collect$$libshutdown$$0000000F)
    .ARM.Collect$$rtentry$$00000000          0x080001d0   Section        0  __rtentry.o(.ARM.Collect$$rtentry$$00000000)
    .ARM.Collect$$rtentry$$00000002          0x080001d0   Section        0  __rtentry2.o(.ARM.Collect$$rtentry$$00000002)
    .ARM.Collect$$rtentry$$00000004          0x080001d0   Section        6  __rtentry4.o(.ARM.Collect$$rtentry$$00000004)
    .ARM.Collect$$rtentry$$00000009          0x080001d6   Section        0  __rtentry2.o(.ARM.Collect$$rtentry$$00000009)
    .ARM.Collect$$rtentry$$0000000A          0x080001d6   Section        4  __rtentry2.o(.ARM.Collect$$rtentry$$0000000A)
    .ARM.Collect$$rtentry$$0000000C          0x080001da   Section        0  __rtentry2.o(.ARM.Collect$$rtentry$$0000000C)
    .ARM.Collect$$rtentry$$0000000D          0x080001da   Section        8  __rtentry2.o(.ARM.Collect$$rtentry$$0000000D)
    .ARM.Collect$$rtexit$$00000000           0x080001e2   Section        2  rtexit.o(.ARM.Collect$$rtexit$$00000000)
    .ARM.Collect$$rtexit$$00000002           0x080001e4   Section        0  rtexit2.o(.ARM.Collect$$rtexit$$00000002)
    .ARM.Collect$$rtexit$$00000003           0x080001e4   Section        4  rtexit2.o(.ARM.Collect$$rtexit$$00000003)
    .ARM.Collect$$rtexit$$00000004           0x080001e8   Section        6  rtexit2.o(.ARM.Collect$$rtexit$$00000004)
    .text                                    0x080001f0   Section       64  startup_at32f403.o(.text)
    $v0                                      0x080001f0   Number         0  startup_at32f403.o(.text)
    .text                                    0x08000230   Section        2  use_no_semi_2.o(.text)
    .text                                    0x08000232   Section        0  heapauxi.o(.text)
    .text                                    0x08000238   Section        2  use_no_semi.o(.text)
    .text                                    0x0800023a   Section       74  sys_stackheap_outer.o(.text)
    .text                                    0x08000284   Section        0  exit.o(.text)
    .text                                    0x08000290   Section        8  libspace.o(.text)
    i.BusFault_Handler                       0x08000298   Section        0  at32f403_int.o(i.BusFault_Handler)
    i.DebugMon_Handler                       0x0800029c   Section        0  at32f403_int.o(i.DebugMon_Handler)
    i.HardFault_Handler                      0x0800029e   Section        0  at32f403_int.o(i.HardFault_Handler)
    i.MemManage_Handler                      0x080002a2   Section        0  at32f403_int.o(i.MemManage_Handler)
    i.NMI_Handler                            0x080002a6   Section        0  at32f403_int.o(i.NMI_Handler)
    i.PendSV_Handler                         0x080002a8   Section        0  at32f403_int.o(i.PendSV_Handler)
    i.SVC_Handler                            0x080002aa   Section        0  at32f403_int.o(i.SVC_Handler)
    i.SysTick_Handler                        0x080002ac   Section        0  at32f403_int.o(i.SysTick_Handler)
    i.SystemInit                             0x080002b0   Section        0  system_at32f403.o(i.SystemInit)
    i.UsageFault_Handler                     0x0800032c   Section        0  at32f403_int.o(i.UsageFault_Handler)
    i._sys_exit                              0x08000330   Section        0  at32f403_board.o(i._sys_exit)
    i.at32_board_init                        0x08000334   Section        0  at32f403_board.o(i.at32_board_init)
    i.at32_button_init                       0x08000364   Section        0  at32f403_board.o(i.at32_button_init)
    i.at32_led_init                          0x080003a0   Section        0  at32f403_board.o(i.at32_led_init)
    i.at32_led_off                           0x080003f0   Section        0  at32f403_board.o(i.at32_led_off)
    i.at32_led_toggle                        0x08000418   Section        0  at32f403_board.o(i.at32_led_toggle)
    i.buffer_compare                         0x0800044c   Section        0  main.o(i.buffer_compare)
    i.crm_ahb_div_set                        0x08000470   Section        0  at32f403_crm.o(i.crm_ahb_div_set)
    i.crm_apb1_div_set                       0x08000484   Section        0  at32f403_crm.o(i.crm_apb1_div_set)
    i.crm_apb2_div_set                       0x08000498   Section        0  at32f403_crm.o(i.crm_apb2_div_set)
    i.crm_clock_source_enable                0x080004ac   Section        0  at32f403_crm.o(i.crm_clock_source_enable)
    i.crm_clocks_freq_get                    0x0800050c   Section        0  at32f403_crm.o(i.crm_clocks_freq_get)
    i.crm_flag_get                           0x08000600   Section        0  at32f403_crm.o(i.crm_flag_get)
    i.crm_hext_stable_wait                   0x08000630   Section        0  at32f403_crm.o(i.crm_hext_stable_wait)
    i.crm_periph_clock_enable                0x08000660   Section        0  at32f403_crm.o(i.crm_periph_clock_enable)
    i.crm_pll_config                         0x080006a4   Section        0  at32f403_crm.o(i.crm_pll_config)
    i.crm_reset                              0x08000710   Section        0  at32f403_crm.o(i.crm_reset)
    i.crm_sysclk_switch                      0x08000774   Section        0  at32f403_crm.o(i.crm_sysclk_switch)
    i.crm_sysclk_switch_status_get           0x08000788   Section        0  at32f403_crm.o(i.crm_sysclk_switch_status_get)
    i.delay_init                             0x08000798   Section        0  at32f403_board.o(i.delay_init)
    i.delay_ms                               0x080007d0   Section        0  at32f403_board.o(i.delay_ms)
    i.delay_sec                              0x08000844   Section        0  at32f403_board.o(i.delay_sec)
    i.gpio_default_para_init                 0x08000866   Section        0  at32f403_gpio.o(i.gpio_default_para_init)
    i.gpio_init                              0x0800087c   Section        0  at32f403_gpio.o(i.gpio_init)
    i.main                                   0x08000924   Section        0  main.o(i.main)
    i.system_clock_config                    0x08000a58   Section        0  at32f403_clock.o(i.system_clock_config)
    i.system_core_clock_update               0x08000adc   Section        0  system_at32f403.o(i.system_core_clock_update)
    i.systick_clock_source_config            0x08000ba4   Section        0  at32f403_misc.o(i.systick_clock_source_config)
    i.usart_configuration                    0x08000bcc   Section        0  main.o(i.usart_configuration)
    i.usart_data_receive                     0x08000cd0   Section        0  at32f403_usart.o(i.usart_data_receive)
    i.usart_data_transmit                    0x08000cd8   Section        0  at32f403_usart.o(i.usart_data_transmit)
    i.usart_enable                           0x08000ce0   Section        0  at32f403_usart.o(i.usart_enable)
    i.usart_flag_get                         0x08000cea   Section        0  at32f403_usart.o(i.usart_flag_get)
    i.usart_init                             0x08000cfc   Section        0  at32f403_usart.o(i.usart_init)
    i.usart_parity_selection_config          0x08000d68   Section        0  at32f403_usart.o(i.usart_parity_selection_config)
    i.usart_receiver_enable                  0x08000db4   Section        0  at32f403_usart.o(i.usart_receiver_enable)
    i.usart_transmitter_enable               0x08000dbe   Section        0  at32f403_usart.o(i.usart_transmitter_enable)
    i.wait_stbl                              0x08000dc8   Section        0  at32f403_clock.o(i.wait_stbl)
    wait_stbl                                0x08000dc9   Thumb Code    22  at32f403_clock.o(i.wait_stbl)
    x$fpl$fpinit                             0x08000dde   Section       10  fpinit.o(x$fpl$fpinit)
    $v0                                      0x08000dde   Number         0  fpinit.o(x$fpl$fpinit)
    .constdata                               0x08000de8   Section       40  at32f403_crm.o(.constdata)
    sclk_ahb_div_table                       0x08000de8   Data          16  at32f403_crm.o(.constdata)
    ahb_apb1_div_table                       0x08000df8   Data           8  at32f403_crm.o(.constdata)
    ahb_apb2_div_table                       0x08000e00   Data           8  at32f403_crm.o(.constdata)
    adc_div_table                            0x08000e08   Data           8  at32f403_crm.o(.constdata)
    .constdata                               0x08000e10   Section       16  system_at32f403.o(.constdata)
    sys_ahb_div_table                        0x08000e10   Data          16  system_at32f403.o(.constdata)
    .data                                    0x20000000   Section      130  main.o(.data)
    .data                                    0x20000084   Section       45  at32f403_board.o(.data)
    fac_us                                   0x200000a4   Data           4  at32f403_board.o(.data)
    fac_ms                                   0x200000a8   Data           4  at32f403_board.o(.data)
    pressed                                  0x200000b0   Data           1  at32f403_board.o(.data)
    .data                                    0x200000b4   Section        4  system_at32f403.o(.data)
    .bss                                     0x200000b8   Section      122  main.o(.bss)
    .bss                                     0x20000134   Section       96  libspace.o(.bss)
    HEAP                                     0x20000198   Section      512  startup_at32f403.o(HEAP)
    Heap_Mem                                 0x20000198   Data         512  startup_at32f403.o(HEAP)
    STACK                                    0x20000398   Section     1024  startup_at32f403.o(STACK)
    Stack_Mem                                0x20000398   Data        1024  startup_at32f403.o(STACK)
    __initial_sp                             0x20000798   Data           0  startup_at32f403.o(STACK)

    Global Symbols

    Symbol Name                              Value     Ov Type        Size  Object(Section)

    BuildAttributes$$THM_ISAv4$E$P$D$K$B$S$7EM$VFPi3$EXTD16$VFPS$VFMA$PE$A:L22UL41UL21$X:L11$S22US41US21$IEEE1$IW$USESV6$~STKCKD$USESV7$~SHL$OSPACE$ROPI$EBA8$UX$STANDARDLIB$REQ8$PRES8$EABIv2 0x00000000   Number         0  anon$$obj.o ABSOLUTE
    __ARM_use_no_argv                        0x00000000   Number         0  main.o ABSOLUTE
    __ARM_exceptions_init                     - Undefined Weak Reference
    __alloca_initialize                       - Undefined Weak Reference
    __arm_preinit_                            - Undefined Weak Reference
    __cpp_initialize__aeabi_                  - Undefined Weak Reference
    __cxa_finalize                            - Undefined Weak Reference
    __rt_locale                               - Undefined Weak Reference
    __sigvec_lookup                           - Undefined Weak Reference
    _atexit_init                              - Undefined Weak Reference
    _call_atexit_fns                          - Undefined Weak Reference
    _clock_init                               - Undefined Weak Reference
    _fp_trap_init                             - Undefined Weak Reference
    _fp_trap_shutdown                         - Undefined Weak Reference
    _get_lc_collate                           - Undefined Weak Reference
    _get_lc_ctype                             - Undefined Weak Reference
    _get_lc_monetary                          - Undefined Weak Reference
    _get_lc_numeric                           - Undefined Weak Reference
    _get_lc_time                              - Undefined Weak Reference
    _getenv_init                              - Undefined Weak Reference
    _handle_redirection                       - Undefined Weak Reference
    _init_alloc                               - Undefined Weak Reference
    _init_user_alloc                          - Undefined Weak Reference
    _initio                                   - Undefined Weak Reference
    _rand_init                                - Undefined Weak Reference
    _signal_finish                            - Undefined Weak Reference
    _signal_init                              - Undefined Weak Reference
    _terminate_alloc                          - Undefined Weak Reference
    _terminate_user_alloc                     - Undefined Weak Reference
    _terminateio                              - Undefined Weak Reference
    __Vectors_Size                           0x00000150   Number         0  startup_at32f403.o ABSOLUTE
    __Vectors                                0x08000000   Data           4  startup_at32f403.o(RESET)
    __Vectors_End                            0x08000150   Data           0  startup_at32f403.o(RESET)
    __main                                   0x08000151   Thumb Code     8  __main.o(!!!main)
    __scatterload                            0x08000159   Thumb Code     0  __scatter.o(!!!scatter)
    __scatterload_rt2                        0x08000159   Thumb Code    44  __scatter.o(!!!scatter)
    __scatterload_rt2_thumb_only             0x08000159   Thumb Code     0  __scatter.o(!!!scatter)
    __scatterload_null                       0x08000167   Thumb Code     0  __scatter.o(!!!scatter)
    __scatterload_copy                       0x0800018d   Thumb Code    26  __scatter_copy.o(!!handler_copy)
    __scatterload_zeroinit                   0x080001a9   Thumb Code    28  __scatter_zi.o(!!handler_zi)
    __rt_lib_init                            0x080001c5   Thumb Code     0  libinit.o(.ARM.Collect$$libinit$$00000000)
    __rt_lib_init_fp_1                       0x080001c7   Thumb Code     0  libinit2.o(.ARM.Collect$$libinit$$00000001)
    __rt_lib_init_alloca_1                   0x080001cb   Thumb Code     0  libinit2.o(.ARM.Collect$$libinit$$0000002E)
    __rt_lib_init_argv_1                     0x080001cb   Thumb Code     0  libinit2.o(.ARM.Collect$$libinit$$0000002C)
    __rt_lib_init_atexit_1                   0x080001cb   Thumb Code     0  libinit2.o(.ARM.Collect$$libinit$$0000001B)
    __rt_lib_init_clock_1                    0x080001cb   Thumb Code     0  libinit2.o(.ARM.Collect$$libinit$$00000021)
    __rt_lib_init_cpp_1                      0x080001cb   Thumb Code     0  libinit2.o(.ARM.Collect$$libinit$$00000032)
    __rt_lib_init_exceptions_1               0x080001cb   Thumb Code     0  libinit2.o(.ARM.Collect$$libinit$$00000030)
    __rt_lib_init_fp_trap_1                  0x080001cb   Thumb Code     0  libinit2.o(.ARM.Collect$$libinit$$0000001F)
    __rt_lib_init_getenv_1                   0x080001cb   Thumb Code     0  libinit2.o(.ARM.Collect$$libinit$$00000023)
    __rt_lib_init_heap_1                     0x080001cb   Thumb Code     0  libinit2.o(.ARM.Collect$$libinit$$0000000A)
    __rt_lib_init_lc_collate_1               0x080001cb   Thumb Code     0  libinit2.o(.ARM.Collect$$libinit$$00000011)
    __rt_lib_init_lc_ctype_1                 0x080001cb   Thumb Code     0  libinit2.o(.ARM.Collect$$libinit$$00000013)
    __rt_lib_init_lc_monetary_1              0x080001cb   Thumb Code     0  libinit2.o(.ARM.Collect$$libinit$$00000015)
    __rt_lib_init_lc_numeric_1               0x080001cb   Thumb Code     0  libinit2.o(.ARM.Collect$$libinit$$00000017)
    __rt_lib_init_lc_time_1                  0x080001cb   Thumb Code     0  libinit2.o(.ARM.Collect$$libinit$$00000019)
    __rt_lib_init_preinit_1                  0x080001cb   Thumb Code     0  libinit2.o(.ARM.Collect$$libinit$$00000004)
    __rt_lib_init_rand_1                     0x080001cb   Thumb Code     0  libinit2.o(.ARM.Collect$$libinit$$0000000E)
    __rt_lib_init_return                     0x080001cb   Thumb Code     0  libinit2.o(.ARM.Collect$$libinit$$00000033)
    __rt_lib_init_signal_1                   0x080001cb   Thumb Code     0  libinit2.o(.ARM.Collect$$libinit$$0000001D)
    __rt_lib_init_stdio_1                    0x080001cb   Thumb Code     0  libinit2.o(.ARM.Collect$$libinit$$00000025)
    __rt_lib_init_user_alloc_1               0x080001cb   Thumb Code     0  libinit2.o(.ARM.Collect$$libinit$$0000000C)
    __rt_lib_shutdown                        0x080001cd   Thumb Code     0  libshutdown.o(.ARM.Collect$$libshutdown$$00000000)
    __rt_lib_shutdown_fp_trap_1              0x080001cf   Thumb Code     0  libshutdown2.o(.ARM.Collect$$libshutdown$$00000006)
    __rt_lib_shutdown_heap_1                 0x080001cf   Thumb Code     0  libshutdown2.o(.ARM.Collect$$libshutdown$$0000000E)
    __rt_lib_shutdown_return                 0x080001cf   Thumb Code     0  libshutdown2.o(.ARM.Collect$$libshutdown$$0000000F)
    __rt_lib_shutdown_signal_1               0x080001cf   Thumb Code     0  libshutdown2.o(.ARM.Collect$$libshutdown$$00000009)
    __rt_lib_shutdown_stdio_1                0x080001cf   Thumb Code     0  libshutdown2.o(.ARM.Collect$$libshutdown$$00000003)
    __rt_lib_shutdown_user_alloc_1           0x080001cf   Thumb Code     0  libshutdown2.o(.ARM.Collect$$libshutdown$$0000000B)
    __rt_entry                               0x080001d1   Thumb Code     0  __rtentry.o(.ARM.Collect$$rtentry$$00000000)
    __rt_entry_presh_1                       0x080001d1   Thumb Code     0  __rtentry2.o(.ARM.Collect$$rtentry$$00000002)
    __rt_entry_sh                            0x080001d1   Thumb Code     0  __rtentry4.o(.ARM.Collect$$rtentry$$00000004)
    __rt_entry_li                            0x080001d7   Thumb Code     0  __rtentry2.o(.ARM.Collect$$rtentry$$0000000A)
    __rt_entry_postsh_1                      0x080001d7   Thumb Code     0  __rtentry2.o(.ARM.Collect$$rtentry$$00000009)
    __rt_entry_main                          0x080001db   Thumb Code     0  __rtentry2.o(.ARM.Collect$$rtentry$$0000000D)
    __rt_entry_postli_1                      0x080001db   Thumb Code     0  __rtentry2.o(.ARM.Collect$$rtentry$$0000000C)
    __rt_exit                                0x080001e3   Thumb Code     0  rtexit.o(.ARM.Collect$$rtexit$$00000000)
    __rt_exit_ls                             0x080001e5   Thumb Code     0  rtexit2.o(.ARM.Collect$$rtexit$$00000003)
    __rt_exit_prels_1                        0x080001e5   Thumb Code     0  rtexit2.o(.ARM.Collect$$rtexit$$00000002)
    __rt_exit_exit                           0x080001e9   Thumb Code     0  rtexit2.o(.ARM.Collect$$rtexit$$00000004)
    Reset_Handler                            0x080001f1   Thumb Code     8  startup_at32f403.o(.text)
    ADC1_2_IRQHandler                        0x0800020b   Thumb Code     0  startup_at32f403.o(.text)
    ADC3_IRQHandler                          0x0800020b   Thumb Code     0  startup_at32f403.o(.text)
    CAN1_RX1_IRQHandler                      0x0800020b   Thumb Code     0  startup_at32f403.o(.text)
    CAN1_SE_IRQHandler                       0x0800020b   Thumb Code     0  startup_at32f403.o(.text)
    CRM_IRQHandler                           0x0800020b   Thumb Code     0  startup_at32f403.o(.text)
    DMA1_Channel1_IRQHandler                 0x0800020b   Thumb Code     0  startup_at32f403.o(.text)
    DMA1_Channel2_IRQHandler                 0x0800020b   Thumb Code     0  startup_at32f403.o(.text)
    DMA1_Channel3_IRQHandler                 0x0800020b   Thumb Code     0  startup_at32f403.o(.text)
    DMA1_Channel4_IRQHandler                 0x0800020b   Thumb Code     0  startup_at32f403.o(.text)
    DMA1_Channel5_IRQHandler                 0x0800020b   Thumb Code     0  startup_at32f403.o(.text)
    DMA1_Channel6_IRQHandler                 0x0800020b   Thumb Code     0  startup_at32f403.o(.text)
    DMA1_Channel7_IRQHandler                 0x0800020b   Thumb Code     0  startup_at32f403.o(.text)
    DMA2_Channel1_IRQHandler                 0x0800020b   Thumb Code     0  startup_at32f403.o(.text)
    DMA2_Channel2_IRQHandler                 0x0800020b   Thumb Code     0  startup_at32f403.o(.text)
    DMA2_Channel3_IRQHandler                 0x0800020b   Thumb Code     0  startup_at32f403.o(.text)
    DMA2_Channel4_5_IRQHandler               0x0800020b   Thumb Code     0  startup_at32f403.o(.text)
    EXINT0_IRQHandler                        0x0800020b   Thumb Code     0  startup_at32f403.o(.text)
    EXINT15_10_IRQHandler                    0x0800020b   Thumb Code     0  startup_at32f403.o(.text)
    EXINT1_IRQHandler                        0x0800020b   Thumb Code     0  startup_at32f403.o(.text)
    EXINT2_IRQHandler                        0x0800020b   Thumb Code     0  startup_at32f403.o(.text)
    EXINT3_IRQHandler                        0x0800020b   Thumb Code     0  startup_at32f403.o(.text)
    EXINT4_IRQHandler                        0x0800020b   Thumb Code     0  startup_at32f403.o(.text)
    EXINT9_5_IRQHandler                      0x0800020b   Thumb Code     0  startup_at32f403.o(.text)
    FLASH_IRQHandler                         0x0800020b   Thumb Code     0  startup_at32f403.o(.text)
    I2C1_ERR_IRQHandler                      0x0800020b   Thumb Code     0  startup_at32f403.o(.text)
    I2C1_EVT_IRQHandler                      0x0800020b   Thumb Code     0  startup_at32f403.o(.text)
    I2C2_ERR_IRQHandler                      0x0800020b   Thumb Code     0  startup_at32f403.o(.text)
    I2C2_EVT_IRQHandler                      0x0800020b   Thumb Code     0  startup_at32f403.o(.text)
    I2C3_ERR_IRQHandler                      0x0800020b   Thumb Code     0  startup_at32f403.o(.text)
    I2C3_EVT_IRQHandler                      0x0800020b   Thumb Code     0  startup_at32f403.o(.text)
    PVM_IRQHandler                           0x0800020b   Thumb Code     0  startup_at32f403.o(.text)
    RTCAlarm_IRQHandler                      0x0800020b   Thumb Code     0  startup_at32f403.o(.text)
    RTC_IRQHandler                           0x0800020b   Thumb Code     0  startup_at32f403.o(.text)
    SDIO1_IRQHandler                         0x0800020b   Thumb Code     0  startup_at32f403.o(.text)
    SDIO2_IRQHandler                         0x0800020b   Thumb Code     0  startup_at32f403.o(.text)
    SPI1_IRQHandler                          0x0800020b   Thumb Code     0  startup_at32f403.o(.text)
    SPI2_IRQHandler                          0x0800020b   Thumb Code     0  startup_at32f403.o(.text)
    SPI3_IRQHandler                          0x0800020b   Thumb Code     0  startup_at32f403.o(.text)
    SPI4_IRQHandler                          0x0800020b   Thumb Code     0  startup_at32f403.o(.text)
    TAMPER_IRQHandler                        0x0800020b   Thumb Code     0  startup_at32f403.o(.text)
    TMR15_BRK_IRQHandler                     0x0800020b   Thumb Code     0  startup_at32f403.o(.text)
    TMR15_CH_IRQHandler                      0x0800020b   Thumb Code     0  startup_at32f403.o(.text)
    TMR15_OVF_IRQHandler                     0x0800020b   Thumb Code     0  startup_at32f403.o(.text)
    TMR15_TRG_HALL_IRQHandler                0x0800020b   Thumb Code     0  startup_at32f403.o(.text)
    TMR1_BRK_TMR9_IRQHandler                 0x0800020b   Thumb Code     0  startup_at32f403.o(.text)
    TMR1_CH_IRQHandler                       0x0800020b   Thumb Code     0  startup_at32f403.o(.text)
    TMR1_OVF_TMR10_IRQHandler                0x0800020b   Thumb Code     0  startup_at32f403.o(.text)
    TMR1_TRG_HALL_TMR11_IRQHandler           0x0800020b   Thumb Code     0  startup_at32f403.o(.text)
    TMR2_GLOBAL_IRQHandler                   0x0800020b   Thumb Code     0  startup_at32f403.o(.text)
    TMR3_GLOBAL_IRQHandler                   0x0800020b   Thumb Code     0  startup_at32f403.o(.text)
    TMR4_GLOBAL_IRQHandler                   0x0800020b   Thumb Code     0  startup_at32f403.o(.text)
    TMR5_GLOBAL_IRQHandler                   0x0800020b   Thumb Code     0  startup_at32f403.o(.text)
    TMR6_GLOBAL_IRQHandler                   0x0800020b   Thumb Code     0  startup_at32f403.o(.text)
    TMR7_GLOBAL_IRQHandler                   0x0800020b   Thumb Code     0  startup_at32f403.o(.text)
    TMR8_BRK_TMR12_IRQHandler                0x0800020b   Thumb Code     0  startup_at32f403.o(.text)
    TMR8_CH_IRQHandler                       0x0800020b   Thumb Code     0  startup_at32f403.o(.text)
    TMR8_OVF_TMR13_IRQHandler                0x0800020b   Thumb Code     0  startup_at32f403.o(.text)
    TMR8_TRG_HALL_TMR14_IRQHandler           0x0800020b   Thumb Code     0  startup_at32f403.o(.text)
    UART4_IRQHandler                         0x0800020b   Thumb Code     0  startup_at32f403.o(.text)
    UART5_IRQHandler                         0x0800020b   Thumb Code     0  startup_at32f403.o(.text)
    USART1_IRQHandler                        0x0800020b   Thumb Code     0  startup_at32f403.o(.text)
    USART2_IRQHandler                        0x0800020b   Thumb Code     0  startup_at32f403.o(.text)
    USART3_IRQHandler                        0x0800020b   Thumb Code     0  startup_at32f403.o(.text)
    USBFSWakeUp_IRQHandler                   0x0800020b   Thumb Code     0  startup_at32f403.o(.text)
    USBFS_H_CAN1_TX_IRQHandler               0x0800020b   Thumb Code     0  startup_at32f403.o(.text)
    USBFS_L_CAN1_RX0_IRQHandler              0x0800020b   Thumb Code     0  startup_at32f403.o(.text)
    WWDT_IRQHandler                          0x0800020b   Thumb Code     0  startup_at32f403.o(.text)
    XMC_IRQHandler                           0x0800020b   Thumb Code     0  startup_at32f403.o(.text)
    __user_initial_stackheap                 0x0800020d   Thumb Code     0  startup_at32f403.o(.text)
    __use_no_semihosting                     0x08000231   Thumb Code     2  use_no_semi_2.o(.text)
    __use_two_region_memory                  0x08000233   Thumb Code     2  heapauxi.o(.text)
    __rt_heap_escrow$2region                 0x08000235   Thumb Code     2  heapauxi.o(.text)
    __rt_heap_expand$2region                 0x08000237   Thumb Code     2  heapauxi.o(.text)
    __I$use$semihosting                      0x08000239   Thumb Code     0  use_no_semi.o(.text)
    __use_no_semihosting_swi                 0x08000239   Thumb Code     2  use_no_semi.o(.text)
    __user_setup_stackheap                   0x0800023b   Thumb Code    74  sys_stackheap_outer.o(.text)
    exit                                     0x08000285   Thumb Code    12  exit.o(.text)
    __user_libspace                          0x08000291   Thumb Code     8  libspace.o(.text)
    __user_perproc_libspace                  0x08000291   Thumb Code     0  libspace.o(.text)
    __user_perthread_libspace                0x08000291   Thumb Code     0  libspace.o(.text)
    BusFault_Handler                         0x08000299   Thumb Code     4  at32f403_int.o(i.BusFault_Handler)
    DebugMon_Handler                         0x0800029d   Thumb Code     2  at32f403_int.o(i.DebugMon_Handler)
    HardFault_Handler                        0x0800029f   Thumb Code     4  at32f403_int.o(i.HardFault_Handler)
    MemManage_Handler                        0x080002a3   Thumb Code     4  at32f403_int.o(i.MemManage_Handler)
    NMI_Handler                              0x080002a7   Thumb Code     2  at32f403_int.o(i.NMI_Handler)
    PendSV_Handler                           0x080002a9   Thumb Code     2  at32f403_int.o(i.PendSV_Handler)
    SVC_Handler                              0x080002ab   Thumb Code     2  at32f403_int.o(i.SVC_Handler)
    SysTick_Handler                          0x080002ad   Thumb Code     2  at32f403_int.o(i.SysTick_Handler)
    SystemInit                               0x080002b1   Thumb Code   112  system_at32f403.o(i.SystemInit)
    UsageFault_Handler                       0x0800032d   Thumb Code     4  at32f403_int.o(i.UsageFault_Handler)
    _sys_exit                                0x08000331   Thumb Code     4  at32f403_board.o(i._sys_exit)
    at32_board_init                          0x08000335   Thumb Code    48  at32f403_board.o(i.at32_board_init)
    at32_button_init                         0x08000365   Thumb Code    52  at32f403_board.o(i.at32_button_init)
    at32_led_init                            0x080003a1   Thumb Code    68  at32f403_board.o(i.at32_led_init)
    at32_led_off                             0x080003f1   Thumb Code    32  at32f403_board.o(i.at32_led_off)
    at32_led_toggle                          0x08000419   Thumb Code    42  at32f403_board.o(i.at32_led_toggle)
    buffer_compare                           0x0800044d   Thumb Code    36  main.o(i.buffer_compare)
    crm_ahb_div_set                          0x08000471   Thumb Code    14  at32f403_crm.o(i.crm_ahb_div_set)
    crm_apb1_div_set                         0x08000485   Thumb Code    14  at32f403_crm.o(i.crm_apb1_div_set)
    crm_apb2_div_set                         0x08000499   Thumb Code    14  at32f403_crm.o(i.crm_apb2_div_set)
    crm_clock_source_enable                  0x080004ad   Thumb Code    90  at32f403_crm.o(i.crm_clock_source_enable)
    crm_clocks_freq_get                      0x0800050d   Thumb Code   216  at32f403_crm.o(i.crm_clocks_freq_get)
    crm_flag_get                             0x08000601   Thumb Code    42  at32f403_crm.o(i.crm_flag_get)
    crm_hext_stable_wait                     0x08000631   Thumb Code    46  at32f403_crm.o(i.crm_hext_stable_wait)
    crm_periph_clock_enable                  0x08000661   Thumb Code    62  at32f403_crm.o(i.crm_periph_clock_enable)
    crm_pll_config                           0x080006a5   Thumb Code   104  at32f403_crm.o(i.crm_pll_config)
    crm_reset                                0x08000711   Thumb Code    92  at32f403_crm.o(i.crm_reset)
    crm_sysclk_switch                        0x08000775   Thumb Code    14  at32f403_crm.o(i.crm_sysclk_switch)
    crm_sysclk_switch_status_get             0x08000789   Thumb Code    10  at32f403_crm.o(i.crm_sysclk_switch_status_get)
    delay_init                               0x08000799   Thumb Code    38  at32f403_board.o(i.delay_init)
    delay_ms                                 0x080007d1   Thumb Code   110  at32f403_board.o(i.delay_ms)
    delay_sec                                0x08000845   Thumb Code    34  at32f403_board.o(i.delay_sec)
    gpio_default_para_init                   0x08000867   Thumb Code    22  at32f403_gpio.o(i.gpio_default_para_init)
    gpio_init                                0x0800087d   Thumb Code   168  at32f403_gpio.o(i.gpio_init)
    main                                     0x08000925   Thumb Code   258  main.o(i.main)
    system_clock_config                      0x08000a59   Thumb Code   130  at32f403_clock.o(i.system_clock_config)
    system_core_clock_update                 0x08000add   Thumb Code   178  system_at32f403.o(i.system_core_clock_update)
    systick_clock_source_config              0x08000ba5   Thumb Code    40  at32f403_misc.o(i.systick_clock_source_config)
    usart_configuration                      0x08000bcd   Thumb Code   234  main.o(i.usart_configuration)
    usart_data_receive                       0x08000cd1   Thumb Code     8  at32f403_usart.o(i.usart_data_receive)
    usart_data_transmit                      0x08000cd9   Thumb Code     8  at32f403_usart.o(i.usart_data_transmit)
    usart_enable                             0x08000ce1   Thumb Code    10  at32f403_usart.o(i.usart_enable)
    usart_flag_get                           0x08000ceb   Thumb Code    16  at32f403_usart.o(i.usart_flag_get)
    usart_init                               0x08000cfd   Thumb Code   102  at32f403_usart.o(i.usart_init)
    usart_parity_selection_config            0x08000d69   Thumb Code    76  at32f403_usart.o(i.usart_parity_selection_config)
    usart_receiver_enable                    0x08000db5   Thumb Code    10  at32f403_usart.o(i.usart_receiver_enable)
    usart_transmitter_enable                 0x08000dbf   Thumb Code    10  at32f403_usart.o(i.usart_transmitter_enable)
    _fp_init                                 0x08000ddf   Thumb Code    10  fpinit.o(x$fpl$fpinit)
    __fplib_config_fpu_vfp                   0x08000de7   Thumb Code     0  fpinit.o(x$fpl$fpinit)
    __fplib_config_pureend_doubles           0x08000de7   Thumb Code     0  fpinit.o(x$fpl$fpinit)
    Region$$Table$$Base                      0x08000e20   Number         0  anon$$obj.o(Region$$Table)
    Region$$Table$$Limit                     0x08000e40   Number         0  anon$$obj.o(Region$$Table)
    usart2_tx_buffer                         0x20000000   Data          62  main.o(.data)
    usart3_tx_buffer                         0x2000003e   Data          62  main.o(.data)
    usart2_tx_counter                        0x2000007c   Data           1  main.o(.data)
    usart3_tx_counter                        0x2000007d   Data           1  main.o(.data)
    usart2_rx_counter                        0x2000007e   Data           1  main.o(.data)
    usart3_rx_counter                        0x2000007f   Data           1  main.o(.data)
    usart2_tx_buffer_size                    0x20000080   Data           1  main.o(.data)
    usart3_tx_buffer_size                    0x20000081   Data           1  main.o(.data)
    led_gpio_port                            0x20000084   Data          12  at32f403_board.o(.data)
    led_gpio_pin                             0x20000090   Data           6  at32f403_board.o(.data)
    led_gpio_crm_clk                         0x20000098   Data          12  at32f403_board.o(.data)
    __stdout                                 0x200000ac   Data           4  at32f403_board.o(.data)
    system_core_clock                        0x200000b4   Data           4  system_at32f403.o(.data)
    usart2_rx_buffer                         0x200000b8   Data          61  main.o(.bss)
    usart3_rx_buffer                         0x200000f5   Data          61  main.o(.bss)
    __libspace_start                         0x20000134   Data          96  libspace.o(.bss)
    __temporary_stack_top$libspace           0x20000194   Data           0  libspace.o(.bss)



==============================================================================

Memory Map of the image

  Image Entry point : 0x08000151

  Load Region LR_IROM1 (Base: 0x08000000, Size: 0x00000ef8, Max: 0x00100000, ABSOLUTE)

    Execution Region ER_IROM1 (Base: 0x08000000, Size: 0x00000e40, Max: 0x00100000, ABSOLUTE)

    Base Addr    Size         Type   Attr      Idx    E Section Name        Object

    0x08000000   0x00000150   Data   RO          977    RESET               startup_at32f403.o
    0x08000150   0x00000008   Code   RO          988  * !!!main             c_w.l(__main.o)
    0x08000158   0x00000034   Code   RO         1140    !!!scatter          c_w.l(__scatter.o)
    0x0800018c   0x0000001a   Code   RO         1142    !!handler_copy      c_w.l(__scatter_copy.o)
    0x080001a6   0x00000002   PAD
    0x080001a8   0x0000001c   Code   RO         1144    !!handler_zi        c_w.l(__scatter_zi.o)
    0x080001c4   0x00000002   Code   RO         1017    .ARM.Collect$$libinit$$00000000  c_w.l(libinit.o)
    0x080001c6   0x00000004   Code   RO         1023    .ARM.Collect$$libinit$$00000001  c_w.l(libinit2.o)
    0x080001ca   0x00000000   Code   RO         1026    .ARM.Collect$$libinit$$00000004  c_w.l(libinit2.o)
    0x080001ca   0x00000000   Code   RO         1029    .ARM.Collect$$libinit$$0000000A  c_w.l(libinit2.o)
    0x080001ca   0x00000000   Code   RO         1031    .ARM.Collect$$libinit$$0000000C  c_w.l(libinit2.o)
    0x080001ca   0x00000000   Code   RO         1033    .ARM.Collect$$libinit$$0000000E  c_w.l(libinit2.o)
    0x080001ca   0x00000000   Code   RO         1036    .ARM.Collect$$libinit$$00000011  c_w.l(libinit2.o)
    0x080001ca   0x00000000   Code   RO         1038    .ARM.Collect$$libinit$$00000013  c_w.l(libinit2.o)
    0x080001ca   0x00000000   Code   RO         1040    .ARM.Collect$$libinit$$00000015  c_w.l(libinit2.o)
    0x080001ca   0x00000000   Code   RO         1042    .ARM.Collect$$libinit$$00000017  c_w.l(libinit2.o)
    0x080001ca   0x00000000   Code   RO         1044    .ARM.Collect$$libinit$$00000019  c_w.l(libinit2.o)
    0x080001ca   0x00000000   Code   RO         1046    .ARM.Collect$$libinit$$0000001B  c_w.l(libinit2.o)
    0x080001ca   0x00000000   Code   RO         1048    .ARM.Collect$$libinit$$0000001D  c_w.l(libinit2.o)
    0x080001ca   0x00000000   Code   RO         1050    .ARM.Collect$$libinit$$0000001F  c_w.l(libinit2.o)
    0x080001ca   0x00000000   Code   RO         1052    .ARM.Collect$$libinit$$00000021  c_w.l(libinit2.o)
    0x080001ca   0x00000000   Code   RO         1054    .ARM.Collect$$libinit$$00000023  c_w.l(libinit2.o)
    0x080001ca   0x00000000   Code   RO         1056    .ARM.Collect$$libinit$$00000025  c_w.l(libinit2.o)
    0x080001ca   0x00000000   Code   RO         1060    .ARM.Collect$$libinit$$0000002C  c_w.l(libinit2.o)
    0x080001ca   0x00000000   Code   RO         1062    .ARM.Collect$$libinit$$0000002E  c_w.l(libinit2.o)
    0x080001ca   0x00000000   Code   RO         1064    .ARM.Collect$$libinit$$00000030  c_w.l(libinit2.o)
    0x080001ca   0x00000000   Code   RO         1066    .ARM.Collect$$libinit$$00000032  c_w.l(libinit2.o)
    0x080001ca   0x00000002   Code   RO         1067    .ARM.Collect$$libinit$$00000033  c_w.l(libinit2.o)
    0x080001cc   0x00000002   Code   RO         1085    .ARM.Collect$$libshutdown$$00000000  c_w.l(libshutdown.o)
    0x080001ce   0x00000000   Code   RO         1096    .ARM.Collect$$libshutdown$$00000003  c_w.l(libshutdown2.o)
    0x080001ce   0x00000000   Code   RO         1099    .ARM.Collect$$libshutdown$$00000006  c_w.l(libshutdown2.o)
    0x080001ce   0x00000000   Code   RO         1102    .ARM.Collect$$libshutdown$$00000009  c_w.l(libshutdown2.o)
    0x080001ce   0x00000000   Code   RO         1104    .ARM.Collect$$libshutdown$$0000000B  c_w.l(libshutdown2.o)
    0x080001ce   0x00000000   Code   RO         1107    .ARM.Collect$$libshutdown$$0000000E  c_w.l(libshutdown2.o)
    0x080001ce   0x00000002   Code   RO         1108    .ARM.Collect$$libshutdown$$0000000F  c_w.l(libshutdown2.o)
    0x080001d0   0x00000000   Code   RO          992    .ARM.Collect$$rtentry$$00000000  c_w.l(__rtentry.o)
    0x080001d0   0x00000000   Code   RO          994    .ARM.Collect$$rtentry$$00000002  c_w.l(__rtentry2.o)
    0x080001d0   0x00000006   Code   RO         1006    .ARM.Collect$$rtentry$$00000004  c_w.l(__rtentry4.o)
    0x080001d6   0x00000000   Code   RO          996    .ARM.Collect$$rtentry$$00000009  c_w.l(__rtentry2.o)
    0x080001d6   0x00000004   Code   RO          997    .ARM.Collect$$rtentry$$0000000A  c_w.l(__rtentry2.o)
    0x080001da   0x00000000   Code   RO          999    .ARM.Collect$$rtentry$$0000000C  c_w.l(__rtentry2.o)
    0x080001da   0x00000008   Code   RO         1000    .ARM.Collect$$rtentry$$0000000D  c_w.l(__rtentry2.o)
    0x080001e2   0x00000002   Code   RO         1021    .ARM.Collect$$rtexit$$00000000  c_w.l(rtexit.o)
    0x080001e4   0x00000000   Code   RO         1069    .ARM.Collect$$rtexit$$00000002  c_w.l(rtexit2.o)
    0x080001e4   0x00000004   Code   RO         1070    .ARM.Collect$$rtexit$$00000003  c_w.l(rtexit2.o)
    0x080001e8   0x00000006   Code   RO         1071    .ARM.Collect$$rtexit$$00000004  c_w.l(rtexit2.o)
    0x080001ee   0x00000002   PAD
    0x080001f0   0x00000040   Code   RO          978    .text               startup_at32f403.o
    0x08000230   0x00000002   Code   RO          984    .text               c_w.l(use_no_semi_2.o)
    0x08000232   0x00000006   Code   RO          986    .text               c_w.l(heapauxi.o)
    0x08000238   0x00000002   Code   RO          990    .text               c_w.l(use_no_semi.o)
    0x0800023a   0x0000004a   Code   RO         1008    .text               c_w.l(sys_stackheap_outer.o)
    0x08000284   0x0000000c   Code   RO         1010    .text               c_w.l(exit.o)
    0x08000290   0x00000008   Code   RO         1018    .text               c_w.l(libspace.o)
    0x08000298   0x00000004   Code   RO          141    i.BusFault_Handler  at32f403_int.o
    0x0800029c   0x00000002   Code   RO          142    i.DebugMon_Handler  at32f403_int.o
    0x0800029e   0x00000004   Code   RO          143    i.HardFault_Handler  at32f403_int.o
    0x080002a2   0x00000004   Code   RO          144    i.MemManage_Handler  at32f403_int.o
    0x080002a6   0x00000002   Code   RO          145    i.NMI_Handler       at32f403_int.o
    0x080002a8   0x00000002   Code   RO          146    i.PendSV_Handler    at32f403_int.o
    0x080002aa   0x00000002   Code   RO          147    i.SVC_Handler       at32f403_int.o
    0x080002ac   0x00000002   Code   RO          148    i.SysTick_Handler   at32f403_int.o
    0x080002ae   0x00000002   PAD
    0x080002b0   0x0000007c   Code   RO          941    i.SystemInit        system_at32f403.o
    0x0800032c   0x00000004   Code   RO          149    i.UsageFault_Handler  at32f403_int.o
    0x08000330   0x00000004   Code   RO          263    i._sys_exit         at32f403_board.o
    0x08000334   0x00000030   Code   RO          265    i.at32_board_init   at32f403_board.o
    0x08000364   0x0000003c   Code   RO          266    i.at32_button_init  at32f403_board.o
    0x080003a0   0x00000050   Code   RO          269    i.at32_led_init     at32f403_board.o
    0x080003f0   0x00000028   Code   RO          270    i.at32_led_off      at32f403_board.o
    0x08000418   0x00000034   Code   RO          272    i.at32_led_toggle   at32f403_board.o
    0x0800044c   0x00000024   Code   RO          216    i.buffer_compare    main.o
    0x08000470   0x00000014   Code   RO          505    i.crm_ahb_div_set   at32f403_crm.o
    0x08000484   0x00000014   Code   RO          506    i.crm_apb1_div_set  at32f403_crm.o
    0x08000498   0x00000014   Code   RO          507    i.crm_apb2_div_set  at32f403_crm.o
    0x080004ac   0x00000060   Code   RO          511    i.crm_clock_source_enable  at32f403_crm.o
    0x0800050c   0x000000f4   Code   RO          512    i.crm_clocks_freq_get  at32f403_crm.o
    0x08000600   0x00000030   Code   RO          514    i.crm_flag_get      at32f403_crm.o
    0x08000630   0x0000002e   Code   RO          516    i.crm_hext_stable_wait  at32f403_crm.o
    0x0800065e   0x00000002   PAD
    0x08000660   0x00000044   Code   RO          521    i.crm_periph_clock_enable  at32f403_crm.o
    0x080006a4   0x0000006c   Code   RO          524    i.crm_pll_config    at32f403_crm.o
    0x08000710   0x00000064   Code   RO          525    i.crm_reset         at32f403_crm.o
    0x08000774   0x00000014   Code   RO          528    i.crm_sysclk_switch  at32f403_crm.o
    0x08000788   0x00000010   Code   RO          529    i.crm_sysclk_switch_status_get  at32f403_crm.o
    0x08000798   0x00000038   Code   RO          273    i.delay_init        at32f403_board.o
    0x080007d0   0x00000074   Code   RO          274    i.delay_ms          at32f403_board.o
    0x08000844   0x00000022   Code   RO          275    i.delay_sec         at32f403_board.o
    0x08000866   0x00000016   Code   RO          387    i.gpio_default_para_init  at32f403_gpio.o
    0x0800087c   0x000000a8   Code   RO          391    i.gpio_init         at32f403_gpio.o
    0x08000924   0x00000134   Code   RO          217    i.main              main.o
    0x08000a58   0x00000082   Code   RO            4    i.system_clock_config  at32f403_clock.o
    0x08000ada   0x00000002   PAD
    0x08000adc   0x000000c8   Code   RO          942    i.system_core_clock_update  system_at32f403.o
    0x08000ba4   0x00000028   Code   RO          883    i.systick_clock_source_config  at32f403_misc.o
    0x08000bcc   0x00000104   Code   RO          218    i.usart_configuration  main.o
    0x08000cd0   0x00000008   Code   RO          689    i.usart_data_receive  at32f403_usart.o
    0x08000cd8   0x00000008   Code   RO          690    i.usart_data_transmit  at32f403_usart.o
    0x08000ce0   0x0000000a   Code   RO          693    i.usart_enable      at32f403_usart.o
    0x08000cea   0x00000010   Code   RO          695    i.usart_flag_get    at32f403_usart.o
    0x08000cfa   0x00000002   PAD
    0x08000cfc   0x0000006c   Code   RO          697    i.usart_init        at32f403_usart.o
    0x08000d68   0x0000004c   Code   RO          703    i.usart_parity_selection_config  at32f403_usart.o
    0x08000db4   0x0000000a   Code   RO          704    i.usart_receiver_enable  at32f403_usart.o
    0x08000dbe   0x0000000a   Code   RO          711    i.usart_transmitter_enable  at32f403_usart.o
    0x08000dc8   0x00000016   Code   RO            5    i.wait_stbl         at32f403_clock.o
    0x08000dde   0x0000000a   Code   RO         1077    x$fpl$fpinit        fz_wm.l(fpinit.o)
    0x08000de8   0x00000028   Data   RO          531    .constdata          at32f403_crm.o
    0x08000e10   0x00000010   Data   RO          943    .constdata          system_at32f403.o
    0x08000e20   0x00000020   Data   RO         1138    Region$$Table       anon$$obj.o


    Execution Region RW_IRAM1 (Base: 0x20000000, Size: 0x00000798, Max: 0x00038000, ABSOLUTE)

    Base Addr    Size         Type   Attr      Idx    E Section Name        Object

    0x20000000   0x00000082   Data   RW          220    .data               main.o
    0x20000082   0x00000002   PAD
    0x20000084   0x0000002d   Data   RW          279    .data               at32f403_board.o
    0x200000b1   0x00000003   PAD
    0x200000b4   0x00000004   Data   RW          944    .data               system_at32f403.o
    0x200000b8   0x0000007a   Zero   RW          219    .bss                main.o
    0x20000132   0x00000002   PAD
    0x20000134   0x00000060   Zero   RW         1019    .bss                c_w.l(libspace.o)
    0x20000194   0x00000004   PAD
    0x20000198   0x00000200   Zero   RW          976    HEAP                startup_at32f403.o
    0x20000398   0x00000400   Zero   RW          975    STACK               startup_at32f403.o


==============================================================================

Image component sizes


      Code (inc. data)   RO Data    RW Data    ZI Data      Debug   Object Name

       490         62          0         45          0       8572   at32f403_board.o
       152          0          0          0          0      37414   at32f403_clock.o
       806         94         40          0          0       8900   at32f403_crm.o
       190          0          0          0          0       2037   at32f403_gpio.o
        26          0          0          0          0       4682   at32f403_int.o
        40          0          0          0          0        666   at32f403_misc.o
       246          6          0          0          0       6175   at32f403_usart.o
       604         76          0        130        122       4552   main.o
        64         26        336          0       1536       1004   startup_at32f403.o
       324         34         16          4          0       2476   system_at32f403.o

    ----------------------------------------------------------------------
      2950        298        424        184       1660      76478   Object Totals
         0          0         32          0          0          0   (incl. Generated)
         8          0          0          5          2          0   (incl. Padding)

    ----------------------------------------------------------------------

      Code (inc. data)   RO Data    RW Data    ZI Data      Debug   Library Member Name

         8          0          0          0          0         68   __main.o
         0          0          0          0          0          0   __rtentry.o
        12          0          0          0          0          0   __rtentry2.o
         6          0          0          0          0          0   __rtentry4.o
        52          8          0          0          0          0   __scatter.o
        26          0          0          0          0          0   __scatter_copy.o
        28          0          0          0          0          0   __scatter_zi.o
        12          0          0          0          0         72   exit.o
         6          0          0          0          0        152   heapauxi.o
         2          0          0          0          0          0   libinit.o
         6          0          0          0          0          0   libinit2.o
         2          0          0          0          0          0   libshutdown.o
         2          0          0          0          0          0   libshutdown2.o
         8          4          0          0         96         68   libspace.o
         2          0          0          0          0          0   rtexit.o
        10          0          0          0          0          0   rtexit2.o
        74          0          0          0          0         80   sys_stackheap_outer.o
         2          0          0          0          0         68   use_no_semi.o
         2          0          0          0          0         68   use_no_semi_2.o
        10          0          0          0          0        116   fpinit.o

    ----------------------------------------------------------------------
       274         12          0          0        100        692   Library Totals
         4          0          0          0          4          0   (incl. Padding)

    ----------------------------------------------------------------------

      Code (inc. data)   RO Data    RW Data    ZI Data      Debug   Library Name

       260         12          0          0         96        576   c_w.l
        10          0          0          0          0        116   fz_wm.l

    ----------------------------------------------------------------------
       274         12          0          0        100        692   Library Totals

    ----------------------------------------------------------------------

==============================================================================


      Code (inc. data)   RO Data    RW Data    ZI Data      Debug   

      3224        310        424        184       1760      72814   Grand Totals
      3224        310        424        184       1760      72814   ELF Image Totals
      3224        310        424        184          0          0   ROM Totals

==============================================================================

    Total RO  Size (Code + RO Data)                 3648 (   3.56kB)
    Total RW  Size (RW Data + ZI Data)              1944 (   1.90kB)
    Total ROM Size (Code + RO Data + RW Data)       3832 (   3.74kB)

==============================================================================

